rml  H KozMinPr6N-Regular.otf
rmlv V KozMinPr6N-Regular.otf

uprml-h UniJISup-UTF16-H KozMinPr6N-Regular.otf
uprml-v UniJISup-UTF16-V KozMinPr6N-Regular.otf

hminr-h H KozMinPr6N-Regular.otf
hminb-h H KozMinPr6N-Regular.otf
hminl-h H KozMinPr6N-Regular.otf
hgothr-h H KozGoPr6N-Medium.otf
hgothb-h H KozGoPr6N-Medium.otf
hgotheb-h H KozGoPr6N-Medium.otf
hmgothr-h H KozGoPr6N-Medium.otf
hminr-v V KozMinPr6N-Regular.otf
hminb-v V KozMinPr6N-Regular.otf
hminl-v V KozMinPr6N-Regular.otf
hgothr-v V KozGoPr6N-Medium.otf
hgothb-v V KozGoPr6N-Medium.otf
hgotheb-v V KozGoPr6N-Medium.otf
hmgothr-v V KozGoPr6N-Medium.otf

hminrn-h H KozMinPr6N-Regular.otf
hminbn-h H KozMinPr6N-Regular.otf
hminln-h H KozMinPr6N-Regular.otf
hgothrn-h H KozGoPr6N-Medium.otf
hgothbn-h H KozGoPr6N-Medium.otf
hgothebn-h H KozGoPr6N-Medium.otf
hmgothrn-h H KozGoPr6N-Medium.otf
hminrn-v V KozMinPr6N-Regular.otf
hminbn-v V KozMinPr6N-Regular.otf
hminln-v V KozMinPr6N-Regular.otf
hgothrn-v V KozGoPr6N-Medium.otf
hgothbn-v V KozGoPr6N-Medium.otf
hgothebn-v V KozGoPr6N-Medium.otf
hmgothrn-v V KozGoPr6N-Medium.otf

uphminr-h UniJISup-UTF16-H KozMinPr6N-Regular.otf
uphminb-h UniJISup-UTF16-H KozMinPr6N-Regular.otf
uphminl-h UniJISup-UTF16-H KozMinPr6N-Regular.otf
uphgothr-h UniJISup-UTF16-H KozGoPr6N-Medium.otf
uphgothb-h UniJISup-UTF16-H KozGoPr6N-Medium.otf
uphgotheb-h UniJISup-UTF16-H KozGoPr6N-Medium.otf
uphmgothr-h UniJISup-UTF16-H KozGoPr6N-Medium.otf
uphminr-v UniJISup-UTF16-V KozMinPr6N-Regular.otf
uphminb-v UniJISup-UTF16-V KozMinPr6N-Regular.otf
uphminl-v UniJISup-UTF16-V KozMinPr6N-Regular.otf
uphgothr-v UniJISup-UTF16-V KozGoPr6N-Medium.otf
uphgothb-v UniJISup-UTF16-V KozGoPr6N-Medium.otf
uphgotheb-v UniJISup-UTF16-V KozGoPr6N-Medium.otf
uphmgothr-v UniJISup-UTF16-V KozGoPr6N-Medium.otf

uphminrn-h UniJIS2004up-UTF16-H KozMinPr6N-Regular.otf
uphminbn-h UniJIS2004up-UTF16-H KozMinPr6N-Regular.otf
uphminln-h UniJIS2004up-UTF16-H KozMinPr6N-Regular.otf
uphgothrn-h UniJIS2004up-UTF16-H KozGoPr6N-Medium.otf
uphgothbn-h UniJIS2004up-UTF16-H KozGoPr6N-Medium.otf
uphgothebn-h UniJIS2004up-UTF16-H KozGoPr6N-Medium.otf
uphmgothrn-h UniJIS2004up-UTF16-H KozGoPr6N-Medium.otf
uphminrn-v UniJIS2004up-UTF16-V KozMinPr6N-Regular.otf
uphminbn-v UniJIS2004up-UTF16-V KozMinPr6N-Regular.otf
uphminln-v UniJIS2004up-UTF16-V KozMinPr6N-Regular.otf
uphgothrn-v UniJIS2004up-UTF16-V KozGoPr6N-Medium.otf
uphgothbn-v UniJIS2004up-UTF16-V KozGoPr6N-Medium.otf
uphgothebn-v UniJIS2004up-UTF16-V KozGoPr6N-Medium.otf
uphmgothrn-v UniJIS2004up-UTF16-V KozGoPr6N-Medium.otf

otf-ujmr-h UniJISup-UTF16-H KozMinPr6N-Regular.otf
otf-ujmb-h UniJISup-UTF16-H KozMinPr6N-Regular.otf
otf-ujml-h UniJISup-UTF16-H KozMinPr6N-Regular.otf
otf-ujgr-h UniJISup-UTF16-H KozGoPr6N-Medium.otf
otf-ujgb-h UniJISup-UTF16-H KozGoPr6N-Medium.otf
otf-ujge-h UniJISup-UTF16-H KozGoPr6N-Medium.otf
otf-ujmgr-h UniJISup-UTF16-H KozGoPr6N-Medium.otf

otf-ujmrn-h UniJIS2004up-UTF16-H KozMinPr6N-Regular.otf
otf-ujmbn-h UniJIS2004up-UTF16-H KozMinPr6N-Regular.otf
otf-ujmln-h UniJIS2004up-UTF16-H KozMinPr6N-Regular.otf
otf-ujgrn-h UniJIS2004up-UTF16-H KozGoPr6N-Medium.otf
otf-ujgbn-h UniJIS2004up-UTF16-H KozGoPr6N-Medium.otf
otf-ujgen-h UniJIS2004up-UTF16-H KozGoPr6N-Medium.otf
otf-ujmgrn-h UniJIS2004up-UTF16-H KozGoPr6N-Medium.otf

otf-ujmr-v UniJISup-UTF16-V KozMinPr6N-Regular.otf
otf-ujmb-v UniJISup-UTF16-V KozMinPr6N-Regular.otf
otf-ujml-v UniJISup-UTF16-V KozMinPr6N-Regular.otf
otf-ujgr-v UniJISup-UTF16-V KozGoPr6N-Medium.otf
otf-ujgb-v UniJISup-UTF16-V KozGoPr6N-Medium.otf
otf-ujge-v UniJISup-UTF16-V KozGoPr6N-Medium.otf
otf-ujmgr-v UniJISup-UTF16-V KozGoPr6N-Medium.otf

otf-ujmrn-v UniJIS2004up-UTF16-V KozMinPr6N-Regular.otf
otf-ujmbn-v UniJIS2004up-UTF16-V KozMinPr6N-Regular.otf
otf-ujmln-v UniJIS2004up-UTF16-V KozMinPr6N-Regular.otf
otf-ujgrn-v UniJIS2004up-UTF16-V KozGoPr6N-Medium.otf
otf-ujgbn-v UniJIS2004up-UTF16-V KozGoPr6N-Medium.otf
otf-ujgen-v UniJIS2004up-UTF16-V KozGoPr6N-Medium.otf
otf-ujmgrn-v UniJIS2004up-UTF16-V KozGoPr6N-Medium.otf

otf-cjmr-h Identity-H KozMinPr6N-Regular.otf
otf-cjmb-h Identity-H KozMinPr6N-Regular.otf
otf-cjml-h Identity-H KozMinPr6N-Regular.otf
otf-cjgr-h Identity-H KozGoPr6N-Medium.otf
otf-cjgb-h Identity-H KozGoPr6N-Medium.otf
otf-cjge-h Identity-H KozGoPr6N-Medium.otf
otf-cjmgr-h Identity-H KozGoPr6N-Medium.otf

otf-cjmr-v Identity-V KozMinPr6N-Regular.otf
otf-cjmb-v Identity-V KozMinPr6N-Regular.otf
otf-cjml-v Identity-V KozMinPr6N-Regular.otf
otf-cjgr-v Identity-V KozGoPr6N-Medium.otf
otf-cjgb-v Identity-V KozGoPr6N-Medium.otf
otf-cjge-v Identity-V KozGoPr6N-Medium.otf
otf-cjmgr-v Identity-V KozGoPr6N-Medium.otf


otf-ucmr-h UniGB-UTF16-H AdobeSongStd-Light.otf
otf-ucmr-v UniGB-UTF16-V AdobeSongStd-Light.otf
otf-ucgr-h UniGB-UTF16-H AdobeHeitiStd-Regular.otf
otf-ucgr-v UniGB-UTF16-V AdobeHeitiStd-Regular.otf

otf-utmr-h UniCNS-UTF16-H AdobeMingStd-Light.otf
otf-utmr-v UniCNS-UTF16-V AdobeMingStd-Light.otf
otf-utgr-h UniCNS-UTF16-H AdobeFanHeitiStd-Bold.otf
otf-utgr-v UniCNS-UTF16-V AdobeFanHeitiStd-Bold.otf

otf-ukmr-h UniKS-UTF16-H AdobeMyungjoStd-Medium.otf
otf-ukmr-v UniKS-UTF16-V AdobeMyungjoStd-Medium.otf
otf-ukgr-h UniKS-UTF16-H AdobeMyungjoStd-Medium.otf
otf-ukgr-v UniKS-UTF16-V AdobeMyungjoStd-Medium.otf

otf-ccmr-h Identity-H AdobeSongStd-Light.otf
otf-ccmr-v Identity-V AdobeSongStd-Light.otf
otf-ccgr-h Identity-H AdobeHeitiStd-Regular.otf
otf-ccgr-v Identity-V AdobeHeitiStd-Regular.otf

otf-ctmr-h Identity-H AdobeMingStd-Light.otf
otf-ctmr-v Identity-V AdobeMingStd-Light.otf
otf-ctgr-h Identity-H AdobeFanHeitiStd-Bold.otf
otf-ctgr-v Identity-V AdobeFanHeitiStd-Bold.otf

otf-ckmr-h Identity-H AdobeMyungjoStd-Medium.otf
otf-ckmr-v Identity-V AdobeMyungjoStd-Medium.otf
otf-ckgr-h Identity-H AdobeMyungjoStd-Medium.otf
otf-ckgr-v Identity-V AdobeMyungjoStd-Medium.otf
